// Jest Snapshot v1, https://goo.gl/fbAQLP

exports[`Testing Nav component it should match the Nav snapshot 1`] = `
<BrowserRouter>
  <nav>
    <ul>
      <li>
        <NavLink
          activeClassName="active"
          exact={true}
          to="/"
        >
          Home
        </NavLink>
      </li>
      <li>
        <NavLink
          activeClassName="active"
          to="/howitworks"
        >
          How It Works
        </NavLink>
      </li>
      <li>
        <NavLink
          activeClassName="active"
          to="/signup"
        >
          Signup
        </NavLink>
      </li>
      <li>
        <NavLink
          activeClassName="active"
          to="/login"
        >
          Login
        </NavLink>
      </li>
      <li>
        <NavLink
          activeClassName="active"
          to="/postjob"
        >
          Post a Job
        </NavLink>
      </li>
    </ul>
  </nav>
</BrowserRouter>
`;
