// Jest Snapshot v1, https://goo.gl/fbAQLP

exports[`Testing Nav component it should match the Nav snapshot 1`] = `
<MemoryRouter>
  <Router
    history={
      Object {
        "action": "POP",
        "block": [Function],
        "canGo": [Function],
        "createHref": [Function],
        "entries": Array [
          Object {
            "hash": "",
            "key": "7elljx",
            "pathname": "/",
            "search": "",
            "state": undefined,
          },
        ],
        "go": [Function],
        "goBack": [Function],
        "goForward": [Function],
        "index": 0,
        "length": 1,
        "listen": [Function],
        "location": Object {
          "hash": "",
          "key": "7elljx",
          "pathname": "/",
          "search": "",
          "state": undefined,
        },
        "push": [Function],
        "replace": [Function],
      }
    }
  >
    <Nav>
      <nav
        className="nav"
      >
        <ul>
          <li
            className="nav__item"
            key="nav-ss0"
          >
            <NavLink
              activeClassName="active"
              className="nav__link"
              exact={true}
              to="/"
            >
              <Link
                aria-current="page"
                className="nav__link active"
                style={Object {}}
                to="/"
              >
                <a
                  aria-current="page"
                  className="nav__link active"
                  href="/"
                  onClick={[Function]}
                  style={Object {}}
                >
                  Home
                </a>
              </Link>
            </NavLink>
          </li>
          <li
            className="nav__item"
            key="nav-1"
          >
            <NavLink
              activeClassName="active"
              className="nav__link"
              exact={true}
              to="/howitworks"
            >
              <Link
                aria-current={null}
                className="nav__link"
                to="/howitworks"
              >
                <a
                  aria-current={null}
                  className="nav__link"
                  href="/howitworks"
                  onClick={[Function]}
                >
                  How It Works
                </a>
              </Link>
            </NavLink>
          </li>
          <li
            className="nav__item"
            key="nav-2"
          >
            <NavLink
              activeClassName="active"
              className="nav__link"
              exact={true}
              to="/signup"
            >
              <Link
                aria-current={null}
                className="nav__link"
                to="/signup"
              >
                <a
                  aria-current={null}
                  className="nav__link"
                  href="/signup"
                  onClick={[Function]}
                >
                  Signup
                </a>
              </Link>
            </NavLink>
          </li>
          <li
            className="nav__item"
            key="nav-3"
          >
            <NavLink
              activeClassName="active"
              className="nav__link"
              exact={true}
              to="/login"
            >
              <Link
                aria-current={null}
                className="nav__link"
                to="/login"
              >
                <a
                  aria-current={null}
                  className="nav__link"
                  href="/login"
                  onClick={[Function]}
                >
                  Login
                </a>
              </Link>
            </NavLink>
          </li>
          <li
            className="nav__item"
            key="nav-4"
          >
            <NavLink
              activeClassName="active"
              className="nav__link"
              to="/postjob"
            >
              <Link
                aria-current={null}
                className="nav__link"
                to="/postjob"
              >
                <a
                  aria-current={null}
                  className="nav__link"
                  href="/postjob"
                  onClick={[Function]}
                >
                  Post a Job!
                </a>
              </Link>
            </NavLink>
          </li>
        </ul>
      </nav>
    </Nav>
  </Router>
</MemoryRouter>
`;
